
  [apply] _hef


  [apply] _hy


  [apply] _hz


  [apply] _hy


  [apply] _hz


  [apply] _hadj_g

'SM.Link.w3bi_extreme_selected' depends on axioms: [propext,
 sorryAx,
 Classical.choice,
 Quot.sound,
 lit_homfly,
 lit_homfly_descent,
 lp_lm,
 lp_lm_uniqueness,
 ng_finite_word,
 src_contact]
'SM.Link.w3bi_extreme_selected_leaf' depends on axioms: [propext,
 sorryAx,
 Classical.choice,
 Quot.sound,
 lit_homfly,
 lit_homfly_descent,
 lp_lm,
 lp_lm_uniqueness,
 ng_finite_word,
 src_contact]
'SM.Link.w3e_strong_case_sw' depends on axioms: [propext,
 Classical.choice,
 Quot.sound,
 lit_homfly,
 lp_lm,
 lp_lm_uniqueness]
'SM.Link.G11_core_sw' depends on axioms: [propext, Classical.choice, Quot.sound, lit_homfly, lp_lm, lp_lm_uniqueness]
'SM.Link.esc_switch_riii_of_chain' depends on axioms: [propext,
 Classical.choice,
 Quot.sound,
 lit_homfly,
 lp_lm,
 lp_lm_uniqueness]
'SM.Link.w3bi_switch_riii' depends on axioms: [propext,
 Classical.choice,
 Quot.sound,
 lit_homfly,
 lp_lm,
 lp_lm_uniqueness]
'SM.Link.w3bi_rii_after_smoothing_weak' depends on axioms: [propext,
 Classical.choice,
 Quot.sound,
 lit_homfly,
 lp_lm,
 lp_lm_uniqueness]
'SM.Link.w3bi_esc_interface_ext_of' depends on axioms: [propext,
 Classical.choice,
 Quot.sound,
 lit_homfly,
 lp_lm,
 lp_lm_uniqueness]
'SM.Link.w3bi_esc_interface_ext_holds' depends on axioms: [propext,
 sorryAx,
 Classical.choice,
 Quot.sound,
 lit_homfly,
 lp_lm,
 lp_lm_uniqueness]
'SM.Link.w3bi_esc_contact_identity' depends on axioms: [propext,
 Classical.choice,
 Quot.sound,
 lit_homfly,
 lp_lm,
 lp_lm_uniqueness]
'SM.Link.w3bi_esc_couple' depends on axioms: [propext,
 Classical.choice,
 Quot.sound,
 lit_homfly,
 lp_lm,
 lp_lm_uniqueness]
'SM.Link.w3bi_esc_ledger' depends on axioms: [propext,
 Classical.choice,
 Quot.sound,
 lit_homfly,
 lp_lm,
 lp_lm_uniqueness]
'SM.Link.w3bi_wall_data_data' depends on axioms: [propext, Classical.choice, Quot.sound]
'SM.Link.w3bi_wallEquiv' depends on axioms: [propext, Classical.choice, Quot.sound]
'SM.Link.w3bi_adjacent_lift_proof' depends on axioms: [propext, Classical.choice, Quot.sound]
'SM.Link.w3bi_rii_sites_of' depends on axioms: [propext, Classical.choice, Quot.sound]
'SM.Link.w3bi_rii_sites_data' depends on axioms: [propext, sorryAx, Classical.choice, Quot.sound]
'SM.Link.w3bi_bigon_pair_of' depends on axioms: [propext, sorryAx, Classical.choice, Quot.sound]
'SM.Link.w3bi_bigon_pair_data' depends on axioms: [propext, sorryAx, Classical.choice, Quot.sound]
'SM.Link.w3bi_bigon_of_site_model' depends on axioms: [propext, sorryAx, Classical.choice, Quot.sound]
'SM.Link.w3bi_hrec_general' depends on axioms: [propext, Classical.choice, Quot.sound]
'SM.Link.w3ba_hrec_gen' depends on axioms: [propext, Classical.choice, Quot.sound]
'SM.Link.w3ba_reduced_to_smooth_gen' depends on axioms: [propext, Classical.choice, Quot.sound]
'SM.Link.w3bi_alt_swap' depends on axioms: [propext, Classical.choice, Quot.sound]
'SM.Link.w3h_hrec' depends on axioms: [propext, Classical.choice, Quot.sound]
'SM.Link.w3h_record_core' depends on axioms: [propext, Classical.choice, Quot.sound]
'SM.Link.w3h_smooth_record_occ' depends on axioms: [propext, Classical.choice, Quot.sound]
'SM.Link.w3h_restrict_switch_deleted' depends on axioms: [propext, Classical.choice, Quot.sound]
'SM.Link.w3bh_reduced_to_smooth' depends on axioms: [propext, Classical.choice, Quot.sound]
'SM.Link.w3bh_core_pure₀' depends on axioms: [propext, Classical.choice, Quot.sound]
'SM.Link.w3bh_core_comp_pure' depends on axioms: [propext, Classical.choice, Quot.sound]
'SM.Link.w3e_xs_point' depends on axioms: [propext, Classical.choice, Quot.sound]
'SM.Link.w3e_liftVisit_σD_sw' depends on axioms: [propext, Classical.choice, Quot.sound]
'SM.Link.w3e_recordIsoData_sw' depends on axioms: [propext, Classical.choice, Quot.sound]
'SM.Link.w3be_lift_six' depends on axioms: [propext, Classical.choice, Quot.sound]
'SM.Link.w3be_liftVisit_fst_eq_iff' depends on axioms: [propext, Classical.choice, Quot.sound]
'SM.Link.w3g_bigonData_smooth_arcST' depends on axioms: [propext, sorryAx, Classical.choice, Quot.sound]
'SM.Link.w3g_bigonData_smooth_arcTS' depends on axioms: [propext, sorryAx, Classical.choice, Quot.sound]
'SM.Link.w3bg_bigonData_smooth_arcST_of_five' depends on axioms: [propext, Classical.choice, Quot.sound]
'SM.Link.w3bg_bigonData_smooth_arcTS_of_five' depends on axioms: [propext, Classical.choice, Quot.sound]
'SM.Link.w3bg_bigonData_smooth_arcST_of_not_kink' depends on axioms: [propext, Classical.choice, Quot.sound]
'SM.Link.w3bg_bigonData_smooth_arcTS_of_not_kink' depends on axioms: [propext, Classical.choice, Quot.sound]
'SM.Link.w3bg_hk5_arcST_of_not_kink' depends on axioms: [propext, Classical.choice, Quot.sound]
'SM.Link.w3bg_hk5_arcTS_of_not_kink' depends on axioms: [propext, Classical.choice, Quot.sound]
'SM.Link.w3bg_line_convexHull' depends on axioms: [propext, Classical.choice, Quot.sound]
'SM.Link.w3bi_esc_outer_data' depends on axioms: [propext, sorryAx, Classical.choice, Quot.sound, lit_homfly]
'SM.Link.w3bi_site_data_data' depends on axioms: [propext, sorryAx, Classical.choice, Quot.sound]
'SM.Link.w3bi_bigonData_smooth_arcST_switch_z' depends on axioms: [propext, sorryAx, Classical.choice, Quot.sound]
'SM.Link.w3bi_bigonData_smooth_arcTS_switch_z' depends on axioms: [propext, sorryAx, Classical.choice, Quot.sound]
'SM.Link.w3b_reparam_switch' depends on axioms: [propext, sorryAx, Classical.choice, Quot.sound]
'SM.Link.G11_ParamsSw.w3c_homfly_M₁sw' depends on axioms: [propext, Classical.choice, Quot.sound, lit_homfly]
exit=0
