SM.Link.w3bi_extreme_selected: [propext, sorryAx, Classical.choice, Quot.sound, lit_homfly, lit_homfly_descent, lp_lm, lp_lm_uniqueness, ng_finite_word, src_contact]
SM.Link.w3ck_extreme_selected: [propext, sorryAx, Classical.choice, Quot.sound, lit_homfly, lit_homfly_descent, lp_lm, lp_lm_uniqueness, ng_finite_word, src_contact]
SM.Link.w3ck_esc_ledger: [propext, Classical.choice, Quot.sound, lit_homfly, lp_lm, lp_lm_uniqueness]
SM.Link.w3ck_esc_interface_ext_of: [propext, Classical.choice, Quot.sound, lit_homfly, lp_lm, lp_lm_uniqueness]
SM.Link.w3ck_esc_outer_occ_of: [propext, Classical.choice, Quot.sound, lit_homfly]
SM.Link.w3ck_esc_outer_occ_holds: [propext, sorryAx, Classical.choice, Quot.sound, lit_homfly]
SM.Link.w3ck_split_ident_data: [propext, sorryAx, Classical.choice, Quot.sound, lit_homfly]
SM.Link.w3ck_knot_after_two: [propext, Classical.choice, Quot.sound]
SM.Link.w3ck_three_components_count: [propext, Classical.choice, Quot.sound]
SM.Link.w3ck_rii_after_smoothing_weak_occ: [propext, Classical.choice, Quot.sound, lit_homfly, lp_lm, lp_lm_uniqueness]
SM.Link.w3bi_esc_interface_ext_holds: [propext, sorryAx, Classical.choice, Quot.sound, lit_homfly, lp_lm, lp_lm_uniqueness]
SM.Link.w3bi_esc_outer_data: [propext, sorryAx, Classical.choice, Quot.sound, lit_homfly]
SM.Link.w3bi_esc_ledger: [propext, Classical.choice, Quot.sound, lit_homfly, lp_lm, lp_lm_uniqueness]
SM.Link.w3bi_rii_sites_data: [propext, sorryAx, Classical.choice, Quot.sound]
SM.Link.w3bi_rii_sites_of: [propext, Classical.choice, Quot.sound]
SM.Link.w3bi_bigon_pair_data: [propext, sorryAx, Classical.choice, Quot.sound]
SM.Link.w3bi_bigon_pair_of: [propext, Classical.choice, Quot.sound]
SM.Link.w3bi_bigon_of_site: [propext, Classical.choice, Quot.sound]
SM.Link.w3bi_bigon_of_site_model: [propext, Classical.choice, Quot.sound]
SM.Link.w3g_bigonData_smooth_arcST: [propext, Classical.choice, Quot.sound]
SM.Link.w3g_bigonData_smooth_arcTS: [propext, Classical.choice, Quot.sound]
SM.Link.w3bi_bigonData_smooth_arcST_switch_z: [propext, Classical.choice, Quot.sound]
SM.Link.w3bi_bigonData_smooth_arcTS_switch_z: [propext, Classical.choice, Quot.sound]
SM.Link.w3bg_bigonData_smooth_arcST_of_not_kink: [propext, Classical.choice, Quot.sound]
SM.Link.w3bg_bigonData_smooth_arcTS_of_not_kink: [propext, Classical.choice, Quot.sound]
SM.Link.w3cz_bigonData_smooth_arcST_switch_z_of_not_kink: [propext, Classical.choice, Quot.sound]
SM.Link.w3cz_bigonData_smooth_arcTS_switch_z_of_not_kink: [propext, Classical.choice, Quot.sound]
SM.Link.w3cz_bigonData_switch_transfer: [propext, Classical.choice, Quot.sound]
SM.Link.w3bi_site_data_data: [propext, Classical.choice, Quot.sound]
SM.Link.w3cs__w3bi_site_data_data_proof: [propext, Classical.choice, Quot.sound]
SM.Link.w3cs_site_data_lift: [propext, Classical.choice, Quot.sound]
SM.Link.w3cs_siteData_of_triangle: [propext, Classical.choice, Quot.sound]
SM.Link.w3cs_not_kink_site_data: [propext, sorryAx, Classical.choice, Quot.sound]
SM.Link.w3cc_splitA_corners_data: [propext, Classical.choice, Quot.sound]
SM.Link.w3cx_splitA_corners_proof: [propext, Classical.choice, Quot.sound]
SM.Link.w3cx_splitCorners_of_core: [propext, Classical.choice, Quot.sound]
SM.Link.w3cx_splitCore_of_core: [propext, Classical.choice, Quot.sound]
SM.Link.w3cx_turnAt_selected: [propext, Classical.choice, Quot.sound]
SM.Link.w3cx_sign_table_of_core: [propext, Classical.choice, Quot.sound]
SM.Link.w3cx_sign_table_at: [propext, Classical.choice, Quot.sound]
SM.Link.w3cx_fullSplitData_at: [propext, Classical.choice, Quot.sound]
SM.Link.w3cx_split_ident_of_residue: [propext, Classical.choice, Quot.sound, lit_homfly]
SM.Link.w3cx_split_core_of_residue: [propext, Classical.choice, Quot.sound, lit_homfly]
SM.Link.w3cx_outer_residue_data: [propext, sorryAx, Classical.choice, Quot.sound, lit_homfly]
SM.Link.w3cb_split_core_data: [propext, sorryAx, Classical.choice, Quot.sound, lit_homfly]
SM.Link.w3cb_split_geometry_data: [propext, sorryAx, Classical.choice, Quot.sound, lit_homfly]
SM.Link.w3cb_split_geometry_of_core: [propext, Classical.choice, Quot.sound]
SM.Link.w3cb_fields_of_residue: [propext, Classical.choice, Quot.sound]
SM.Link.w3cb_fullSplitData_of_residue: [propext, Classical.choice, Quot.sound]
SM.Link.w3cb_triangle_on_contact_at: [propext, Classical.choice, Quot.sound]
SM.Link.w3cb_markChildren_of: [propext, Classical.choice, Quot.sound]
SM.Link.w3cb_central_no_piece: [propext, Classical.choice, Quot.sound]
SM.Link.w3ca_split_at_outer: [propext, Classical.choice, Quot.sound]
SM.Link.w3ca_central_rot_at_outer: [propext, Classical.choice, Quot.sound]
SM.Link.w3ca_split_config: [propext, Classical.choice, Quot.sound]
SM.Link.w3ca_marks_partition_config: [propext, Classical.choice, Quot.sound]
SM.Link.w3ca_core: [propext, Classical.choice, Quot.sound]
SM.Link.w3ca_pattern: [propext, Classical.choice, Quot.sound]
SM.Link.w3cc_fullSplitData_of: [propext, Classical.choice, Quot.sound]
SM.Link.w3cc_outer_alternative_of: [propext, Classical.choice, Quot.sound]
SM.Link.w3cc_uniform_of: [propext, Classical.choice, Quot.sound]
SM.Link.w3cc_central_rot_of: [propext, Classical.choice, Quot.sound]
SM.Link.w3cc_rot_ledger: [propext, Classical.choice, Quot.sound]
SM.Link.w3ck_interlaces_iff_arcs: [propext, Classical.choice, Quot.sound]
SM.Link.w3ck_isSelfCrossing_smooth_iff: [propext, Classical.choice, Quot.sound]
SM.Link.w3bi_wall_data_data: [propext, Classical.choice, Quot.sound]
SM.Link.w3bi_hrec_general: [propext, Classical.choice, Quot.sound]
SM.Link.w3bi_switch_riii: [propext, Classical.choice, Quot.sound, lit_homfly, lp_lm, lp_lm_uniqueness]
SM.Link.w3bi_rii_after_smoothing_weak: [propext, Classical.choice, Quot.sound, lit_homfly, lp_lm, lp_lm_uniqueness]
SM.Link.G11_core_sw: [propext, Classical.choice, Quot.sound, lit_homfly, lp_lm, lp_lm_uniqueness]
SM.Link.esc_switch_riii_of_chain: [propext, Classical.choice, Quot.sound, lit_homfly, lp_lm, lp_lm_uniqueness]
SM.Link.w3e_strong_case_sw: [propext, Classical.choice, Quot.sound, lit_homfly, lp_lm, lp_lm_uniqueness]
SM.Link.w3b_reparam_switch: [propext, sorryAx, Classical.choice, Quot.sound]
SM.Link.w3bi_extreme_selected_leaf: [propext, sorryAx, Classical.choice, Quot.sound, lit_homfly, lit_homfly_descent, lp_lm, lp_lm_uniqueness, ng_finite_word, src_contact]
