../drafts/moves/W3D_Assembled.lean:4006:8: warning: `if_pos` has been deprecated: Use `ite_eq_left` instead
../drafts/moves/W3D_Assembled.lean:4006:31: warning: `if_pos` has been deprecated: Use `ite_eq_left` instead
../drafts/moves/W3D_Assembled.lean:4007:8: warning: `if_neg` has been deprecated: Use `ite_eq_right` instead
../drafts/moves/W3D_Assembled.lean:4007:43: warning: `if_neg` has been deprecated: Use `ite_eq_right` instead
../drafts/moves/W3D_Assembled.lean:7095:67: warning: `if_pos` has been deprecated: Use `ite_eq_left` instead
../drafts/moves/W3D_Assembled.lean:7097:17: warning: `if_neg` has been deprecated: Use `ite_eq_right` instead
../drafts/moves/W3D_Assembled.lean:7097:45: warning: `if_pos` has been deprecated: Use `ite_eq_left` instead
../drafts/moves/W3D_Assembled.lean:7099:17: warning: `if_neg` has been deprecated: Use `ite_eq_right` instead
../drafts/moves/W3D_Assembled.lean:7099:45: warning: `if_neg` has been deprecated: Use `ite_eq_right` instead
../drafts/moves/W3D_Assembled.lean:7100:68: warning: `if_pos` has been deprecated: Use `ite_eq_left` instead
../drafts/moves/W3D_Assembled.lean:7102:17: warning: `if_neg` has been deprecated: Use `ite_eq_right` instead
../drafts/moves/W3D_Assembled.lean:7102:45: warning: `if_pos` has been deprecated: Use `ite_eq_left` instead
../drafts/moves/W3D_Assembled.lean:7104:17: warning: `if_neg` has been deprecated: Use `ite_eq_right` instead
../drafts/moves/W3D_Assembled.lean:7104:45: warning: `if_neg` has been deprecated: Use `ite_eq_right` instead
../drafts/moves/W3D_Assembled.lean:7564:8: warning: `if_pos` has been deprecated: Use `ite_eq_left` instead
../drafts/moves/W3D_Assembled.lean:7564:20: warning: `if_pos` has been deprecated: Use `ite_eq_left` instead
../drafts/moves/W3D_Assembled.lean:7567:10: warning: `if_neg` has been deprecated: Use `ite_eq_right` instead
../drafts/moves/W3D_Assembled.lean:7567:22: warning: `if_pos` has been deprecated: Use `ite_eq_left` instead
../drafts/moves/W3D_Assembled.lean:7567:34: warning: `if_neg` has been deprecated: Use `ite_eq_right` instead
../drafts/moves/W3D_Assembled.lean:7567:46: warning: `if_pos` has been deprecated: Use `ite_eq_left` instead
../drafts/moves/W3D_Assembled.lean:7569:10: warning: `if_neg` has been deprecated: Use `ite_eq_right` instead
../drafts/moves/W3D_Assembled.lean:7569:22: warning: `if_neg` has been deprecated: Use `ite_eq_right` instead
../drafts/moves/W3D_Assembled.lean:7569:34: warning: `if_neg` has been deprecated: Use `ite_eq_right` instead
../drafts/moves/W3D_Assembled.lean:7569:46: warning: `if_neg` has been deprecated: Use `ite_eq_right` instead
../drafts/moves/W3D_Assembled.lean:7866:13: warning: `Set.mem_setOf_eq` has been deprecated: Use `Set.mem_ofPred_eq` instead
../drafts/moves/W3D_Assembled.lean:7979:6: warning: `dif_pos` has been deprecated: Use `dite_eq_left` instead
../drafts/moves/W3D_Assembled.lean:7979:19: warning: `if_pos` has been deprecated: Use `ite_eq_left` instead
../drafts/moves/W3D_Assembled.lean:7986:6: warning: `dif_pos` has been deprecated: Use `dite_eq_left` instead
../drafts/moves/W3D_Assembled.lean:7986:19: warning: `if_neg` has been deprecated: Use `ite_eq_right` instead
../drafts/moves/W3D_Assembled.lean:7993:6: warning: `dif_neg` has been deprecated: Use `dite_eq_right` instead
../drafts/moves/W3D_Assembled.lean:7993:35: warning: `dif_pos` has been deprecated: Use `dite_eq_left` instead
../drafts/moves/W3D_Assembled.lean:7993:48: warning: `if_pos` has been deprecated: Use `ite_eq_left` instead
../drafts/moves/W3D_Assembled.lean:8000:6: warning: `dif_neg` has been deprecated: Use `dite_eq_right` instead
../drafts/moves/W3D_Assembled.lean:8000:35: warning: `dif_pos` has been deprecated: Use `dite_eq_left` instead
../drafts/moves/W3D_Assembled.lean:8000:48: warning: `if_neg` has been deprecated: Use `ite_eq_right` instead
../drafts/moves/W3D_Assembled.lean:8007:6: warning: `dif_neg` has been deprecated: Use `dite_eq_right` instead
../drafts/moves/W3D_Assembled.lean:8007:19: warning: `dif_neg` has been deprecated: Use `dite_eq_right` instead
../drafts/moves/W3D_Assembled.lean:8012:24: warning: Variable name `hef` is not explicitly referenced.

Hint: The binding can be removed (if unused) or named `_` (if used implicitly). Alternatively, prefix the name with `_` to silence this warning:
  [apply] _hef

Note: This linter can be disabled with `set_option linter.unusedVariables false`
../drafts/moves/W3D_Assembled.lean:8546:17: warning: `Set.mem_setOf_eq` has been deprecated: Use `Set.mem_ofPred_eq` instead
../drafts/moves/W3D_Assembled.lean:9071:17: warning: `Set.mem_setOf_eq` has been deprecated: Use `Set.mem_ofPred_eq` instead
../drafts/moves/W3D_Assembled.lean:9657:27: warning: Variable name `hy` is not explicitly referenced.

Hint: The binding can be removed (if unused) or named `_` (if used implicitly). Alternatively, prefix the name with `_` to silence this warning:
  [apply] _hy

Note: This linter can be disabled with `set_option linter.unusedVariables false`
../drafts/moves/W3D_Assembled.lean:9657:49: warning: Variable name `hz` is not explicitly referenced.

Hint: The binding can be removed (if unused) or named `_` (if used implicitly). Alternatively, prefix the name with `_` to silence this warning:
  [apply] _hz

Note: This linter can be disabled with `set_option linter.unusedVariables false`
../drafts/moves/W3D_Assembled.lean:9989:30: warning: `if_pos` has been deprecated: Use `ite_eq_left` instead
../drafts/moves/W3D_Assembled.lean:9989:58: warning: `if_pos` has been deprecated: Use `ite_eq_left` instead
../drafts/moves/W3D_Assembled.lean:9991:30: warning: `if_neg` has been deprecated: Use `ite_eq_right` instead
../drafts/moves/W3D_Assembled.lean:9991:58: warning: `if_neg` has been deprecated: Use `ite_eq_right` instead
../drafts/moves/W3D_Assembled.lean:9997:30: warning: `if_pos` has been deprecated: Use `ite_eq_left` instead
../drafts/moves/W3D_Assembled.lean:9997:58: warning: `if_pos` has been deprecated: Use `ite_eq_left` instead
../drafts/moves/W3D_Assembled.lean:9999:30: warning: `if_neg` has been deprecated: Use `ite_eq_right` instead
../drafts/moves/W3D_Assembled.lean:9999:58: warning: `if_neg` has been deprecated: Use `ite_eq_right` instead
../drafts/moves/W3D_Assembled.lean:10005:28: warning: `if_pos` has been deprecated: Use `ite_eq_left` instead
../drafts/moves/W3D_Assembled.lean:10007:28: warning: `if_neg` has been deprecated: Use `ite_eq_right` instead
../drafts/moves/W3D_Assembled.lean:9810:27: warning: Variable name `hy` is not explicitly referenced.

Hint: The binding can be removed (if unused) or named `_` (if used implicitly). Alternatively, prefix the name with `_` to silence this warning:
  [apply] _hy

Note: This linter can be disabled with `set_option linter.unusedVariables false`
../drafts/moves/W3D_Assembled.lean:9810:49: warning: Variable name `hz` is not explicitly referenced.

Hint: The binding can be removed (if unused) or named `_` (if used implicitly). Alternatively, prefix the name with `_` to silence this warning:
  [apply] _hz

Note: This linter can be disabled with `set_option linter.unusedVariables false`
../drafts/moves/W3D_Assembled.lean:9814:5: warning: Variable name `hadj_g` is not explicitly referenced.

Hint: The binding can be removed (if unused) or named `_` (if used implicitly). Alternatively, prefix the name with `_` to silence this warning:
  [apply] _hadj_g

Note: This linter can be disabled with `set_option linter.unusedVariables false`
../drafts/moves/W3D_Assembled.lean:10580:0: warning: automatically included section variable(s) unused in theorem `SM.Link.w3ca_geoIndependent_mono`:
  [NeZero n]
consider restructuring your `variable` declarations so that the variables are not in scope or explicitly omit them:
  omit [NeZero n] in theorem ...

Note: This linter can be disabled with `set_option linter.unusedSectionVars false`
../drafts/moves/W3D_Assembled.lean:11192:0: warning: automatically included section variable(s) unused in theorem `SM.Link.w3ca_visit_six`:
  [NeZero n]
consider restructuring your `variable` declarations so that the variables are not in scope or explicitly omit them:
  omit [NeZero n] in theorem ...

Note: This linter can be disabled with `set_option linter.unusedSectionVars false`
../drafts/moves/W3D_Assembled.lean:11221:0: warning: automatically included section variable(s) unused in theorem `SM.Link.w3ca_six_tri`:
  [NeZero n]
consider restructuring your `variable` declarations so that the variables are not in scope or explicitly omit them:
  omit [NeZero n] in theorem ...

Note: This linter can be disabled with `set_option linter.unusedSectionVars false`
../drafts/moves/W3D_Assembled.lean:12933:8: warning: `dif_pos` has been deprecated: Use `dite_eq_left` instead
../drafts/moves/W3D_Assembled.lean:12935:8: warning: `dif_neg` has been deprecated: Use `dite_eq_right` instead
../drafts/moves/W3D_Assembled.lean:13194:0: warning: automatically included section variable(s) unused in theorem `SM.Link.w3cs_exact_symm`:
  [NeZero n]
consider restructuring your `variable` declarations so that the variables are not in scope or explicitly omit them:
  omit [NeZero n] in theorem ...

Note: This linter can be disabled with `set_option linter.unusedSectionVars false`
../drafts/moves/W3D_Assembled.lean:13366:8: warning: The declaration 'w3cs__w3bi_site_data_data_proof' contains '__', which does not follow the mathlib naming conventions. Consider using single underscores instead.

Note: This linter can be disabled with `set_option linter.style.nameCheck false`
../drafts/moves/W3D_Assembled.lean:16983:7: warning: Variable name `hQi` is not explicitly referenced.

Hint: The binding can be removed (if unused) or named `_` (if used implicitly). Alternatively, prefix the name with `_` to silence this warning:
  [apply] _hQi

Note: This linter can be disabled with `set_option linter.unusedVariables false`
../drafts/moves/W3D_Assembled.lean:17096:5: warning: Variable name `hA` is not explicitly referenced.

Hint: The binding can be removed (if unused) or named `_` (if used implicitly). Alternatively, prefix the name with `_` to silence this warning:
  [apply] _hA

Note: This linter can be disabled with `set_option linter.unusedVariables false`
../drafts/moves/W3D_Assembled.lean:17644:0: warning: automatically included section variable(s) unused in theorem `SM.Link.w3dp_cell_iff_key`:
  [NeZero n]
consider restructuring your `variable` declarations so that the variables are not in scope or explicitly omit them:
  omit [NeZero n] in theorem ...

Note: This linter can be disabled with `set_option linter.unusedSectionVars false`
../drafts/moves/W3D_Assembled.lean:17648:0: warning: automatically included section variable(s) unused in theorem `SM.Link.w3dp_pos_ne_of_crossing_ne`:
  [NeZero n]
consider restructuring your `variable` declarations so that the variables are not in scope or explicitly omit them:
  omit [NeZero n] in theorem ...

Note: This linter can be disabled with `set_option linter.unusedSectionVars false`
../drafts/moves/W3D_Assembled.lean:17652:0: warning: automatically included section variable(s) unused in theorem `SM.Link.w3dp_pos_twin_ne`:
  [NeZero n]
consider restructuring your `variable` declarations so that the variables are not in scope or explicitly omit them:
  omit [NeZero n] in theorem ...

Note: This linter can be disabled with `set_option linter.unusedSectionVars false`
../drafts/moves/W3D_Assembled.lean:18527:24: warning: Variable name `hn` is not explicitly referenced.

Hint: The binding can be removed (if unused) or named `_` (if used implicitly). Alternatively, prefix the name with `_` to silence this warning:
  [apply] _hn

Note: This linter can be disabled with `set_option linter.unusedVariables false`
../drafts/moves/W3D_Assembled.lean:21042:24: warning: Variable name `hn` is not explicitly referenced.

Hint: The binding can be removed (if unused) or named `_` (if used implicitly). Alternatively, prefix the name with `_` to silence this warning:
  [apply] _hn

Note: This linter can be disabled with `set_option linter.unusedVariables false`
../drafts/moves/W3D_Assembled.lean:21051:45: warning: Variable name `hQi'` is not explicitly referenced.

Hint: The binding can be removed (if unused) or named `_` (if used implicitly). Alternatively, prefix the name with `_` to silence this warning:
  [apply] _hQi'

Note: This linter can be disabled with `set_option linter.unusedVariables false`
../drafts/moves/W3D_Assembled.lean:21052:7: warning: Variable name `hS'` is not explicitly referenced.

Hint: The binding can be removed (if unused) or named `_` (if used implicitly). Alternatively, prefix the name with `_` to silence this warning:
  [apply] _hS'

Note: This linter can be disabled with `set_option linter.unusedVariables false`
