=== CS7Units

real	1m3.056s
user	2m27.414s
sys	0m3.181s
exit 0
=== CS7

real	0m18.831s
user	0m1.283s
sys	0m1.365s
exit 0
=== ComparisonRows

real	0m24.274s
user	0m1.241s
sys	0m1.326s
exit 0
=== axioms
'SM.thm_C_S7' depends on axioms: [propext,
 Classical.choice,
 Quot.sound,
 SM.lit_homfly,
 SM.lit_homfly_descent,
 SM.lp_lm,
 SM.lp_lm_uniqueness,
 SM.ng_finite_word,
 SM.src_contact]
'SM.thm_comparison' depends on axioms: [propext,
 Classical.choice,
 Quot.sound,
 SM.lit_homfly,
 SM.lit_homfly_descent,
 SM.lp_lm,
 SM.lp_lm_uniqueness,
 SM.ng_finite_word,
 SM.src_contact]
'SM.cor_C_inherits' depends on axioms: [propext,
 Classical.choice,
 Quot.sound,
 SM.lit_homfly,
 SM.lit_homfly_descent,
 SM.lp_lm,
 SM.lp_lm_uniqueness,
 SM.ng_finite_word,
 SM.src_contact]
'SM.s7_bigon_law_at' depends on axioms: [propext,
 Classical.choice,
 Quot.sound,
 SM.lit_homfly,
 SM.lp_lm,
 SM.lp_lm_uniqueness]
'SM.s7_sliding_law_at' depends on axioms: [propext,
 Classical.choice,
 Quot.sound,
 SM.lit_homfly,
 SM.lp_lm,
 SM.lp_lm_uniqueness]
exit 0
